--- Analysis Run for glue_mrpc_small --- Thu May  8 14:55:38 CDT 2025
2025-05-08 14:55:41,488 - INFO - Comparing 4 models.
2025-05-08 14:55:41,488 - INFO - --- Analyzing Model: Experiments_20250508_144308_7898533/glue/small/small_vanilla_init_glue_mrpc/best_model.pt ---
2025-05-08 14:55:41,513 - INFO - Successfully loaded state dict from Experiments_20250508_144308_7898533/glue/small/small_vanilla_init_glue_mrpc/best_model.pt
2025-05-08 14:55:41,513 - INFO - Inferred model type: vanilla
2025-05-08 14:55:41,514 - INFO - Expecting 4 layers based on args.
2025-05-08 14:55:41,514 - INFO - Successfully extracted all projection weights for layer 0
2025-05-08 14:55:41,514 - INFO - Successfully extracted all projection weights for layer 1
2025-05-08 14:55:41,514 - INFO - Successfully extracted all projection weights for layer 2
2025-05-08 14:55:41,514 - INFO - Successfully extracted all projection weights for layer 3
2025-05-08 14:55:41,528 - INFO - Generated 16 head vectors across 4 layers.
2025-05-08 14:55:41,537 - INFO - Saved analysis metrics to Experiments_20250508_144308_7898533/analysis/glue_mrpc/small/best_model/analysis_metrics.json
2025-05-08 14:55:42,112 - INFO - Saved head similarity heatmap to Experiments_20250508_144308_7898533/analysis/glue_mrpc/small/best_model/head_similarity.png
2025-05-08 14:55:42,113 - INFO - --- Analysis complete for: Experiments_20250508_144308_7898533/glue/small/small_vanilla_init_glue_mrpc/best_model.pt ---
2025-05-08 14:55:42,113 - INFO - --- Analyzing Model: Experiments_20250508_144308_7898533/glue/small/small_ospa_init_glue_mrpc/best_model.pt ---
2025-05-08 14:55:42,132 - INFO - Successfully loaded state dict from Experiments_20250508_144308_7898533/glue/small/small_ospa_init_glue_mrpc/best_model.pt
2025-05-08 14:55:42,132 - INFO - Inferred model type: ospa
2025-05-08 14:55:42,132 - INFO - Expecting 4 layers based on args.
2025-05-08 14:55:42,132 - INFO - Successfully extracted all projection weights for layer 0
2025-05-08 14:55:42,132 - INFO - Successfully extracted all projection weights for layer 1
2025-05-08 14:55:42,132 - INFO - Successfully extracted all projection weights for layer 2
2025-05-08 14:55:42,132 - INFO - Successfully extracted all projection weights for layer 3
2025-05-08 14:55:42,133 - INFO - Generated 16 head vectors across 4 layers.
2025-05-08 14:55:42,137 - INFO - Checking orthogonality for OSPA model...
2025-05-08 14:55:42,269 - INFO - Overall Avg Orthogonality Error (Squared Norm): 2.5498e+02
2025-05-08 14:55:42,276 - INFO - Saved analysis metrics to Experiments_20250508_144308_7898533/analysis/glue_mrpc/small/best_model/analysis_metrics.json
2025-05-08 14:55:42,842 - INFO - Saved head similarity heatmap to Experiments_20250508_144308_7898533/analysis/glue_mrpc/small/best_model/head_similarity.png
2025-05-08 14:55:43,450 - INFO - Saved orthogonality error plot to Experiments_20250508_144308_7898533/analysis/glue_mrpc/small/best_model/orthogonality_error.png
2025-05-08 14:55:43,450 - INFO - --- Analysis complete for: Experiments_20250508_144308_7898533/glue/small/small_ospa_init_glue_mrpc/best_model.pt ---
2025-05-08 14:55:43,450 - INFO - --- Analyzing Model: Experiments_20250508_144308_7898533/glue/small/small_ospa_reg0.001_glue_mrpc/best_model.pt ---
2025-05-08 14:55:43,471 - INFO - Successfully loaded state dict from Experiments_20250508_144308_7898533/glue/small/small_ospa_reg0.001_glue_mrpc/best_model.pt
2025-05-08 14:55:43,471 - INFO - Inferred model type: ospa
2025-05-08 14:55:43,471 - INFO - Expecting 4 layers based on args.
2025-05-08 14:55:43,471 - INFO - Successfully extracted all projection weights for layer 0
2025-05-08 14:55:43,471 - INFO - Successfully extracted all projection weights for layer 1
2025-05-08 14:55:43,471 - INFO - Successfully extracted all projection weights for layer 2
2025-05-08 14:55:43,471 - INFO - Successfully extracted all projection weights for layer 3
2025-05-08 14:55:43,473 - INFO - Generated 16 head vectors across 4 layers.
2025-05-08 14:55:43,477 - INFO - Checking orthogonality for OSPA model...
2025-05-08 14:55:43,595 - INFO - Overall Avg Orthogonality Error (Squared Norm): 2.5421e+02
2025-05-08 14:55:43,598 - INFO - Saved analysis metrics to Experiments_20250508_144308_7898533/analysis/glue_mrpc/small/best_model/analysis_metrics.json
2025-05-08 14:55:44,162 - INFO - Saved head similarity heatmap to Experiments_20250508_144308_7898533/analysis/glue_mrpc/small/best_model/head_similarity.png
2025-05-08 14:55:44,748 - INFO - Saved orthogonality error plot to Experiments_20250508_144308_7898533/analysis/glue_mrpc/small/best_model/orthogonality_error.png
2025-05-08 14:55:44,748 - INFO - --- Analysis complete for: Experiments_20250508_144308_7898533/glue/small/small_ospa_reg0.001_glue_mrpc/best_model.pt ---
2025-05-08 14:55:44,748 - INFO - --- Analyzing Model: Experiments_20250508_144308_7898533/glue/small/small_ospa_strict_glue_mrpc/best_model.pt ---
2025-05-08 14:55:44,769 - INFO - Successfully loaded state dict from Experiments_20250508_144308_7898533/glue/small/small_ospa_strict_glue_mrpc/best_model.pt
2025-05-08 14:55:44,769 - INFO - Inferred model type: ospa
2025-05-08 14:55:44,769 - INFO - Expecting 4 layers based on args.
2025-05-08 14:55:44,769 - INFO - Successfully extracted all projection weights for layer 0
2025-05-08 14:55:44,769 - INFO - Successfully extracted all projection weights for layer 1
2025-05-08 14:55:44,769 - INFO - Successfully extracted all projection weights for layer 2
2025-05-08 14:55:44,769 - INFO - Successfully extracted all projection weights for layer 3
2025-05-08 14:55:44,771 - INFO - Generated 16 head vectors across 4 layers.
2025-05-08 14:55:44,775 - INFO - Checking orthogonality for OSPA model...
2025-05-08 14:55:44,820 - INFO - Overall Avg Orthogonality Error (Squared Norm): 2.6446e-05
2025-05-08 14:55:44,823 - INFO - Saved analysis metrics to Experiments_20250508_144308_7898533/analysis/glue_mrpc/small/best_model/analysis_metrics.json
2025-05-08 14:55:45,382 - INFO - Saved head similarity heatmap to Experiments_20250508_144308_7898533/analysis/glue_mrpc/small/best_model/head_similarity.png
2025-05-08 14:55:46,060 - INFO - Saved orthogonality error plot to Experiments_20250508_144308_7898533/analysis/glue_mrpc/small/best_model/orthogonality_error.png
2025-05-08 14:55:46,060 - INFO - --- Analysis complete for: Experiments_20250508_144308_7898533/glue/small/small_ospa_strict_glue_mrpc/best_model.pt ---
2025-05-08 14:55:46,060 - INFO - --- Creating Comparison Visualizations for 4 Models ---
2025-05-08 14:55:46,399 - INFO - Saved diversity comparison plot to Experiments_20250508_144308_7898533/analysis/glue_mrpc/small/model_diversity_comparison.png
2025-05-08 14:55:46,410 - INFO - Saved comparison data to Experiments_20250508_144308_7898533/analysis/glue_mrpc/small/diversity_comparison_data.json
2025-05-08 14:55:46,410 - INFO - --- Model Comparison Complete ---
2025-05-08 14:55:46,410 - INFO - --- Analysis Script Finished ---
