--- Analysis Run for glue_cola_medium --- Thu May  8 15:35:46 CDT 2025
2025-05-08 15:35:49,463 - INFO - Comparing 3 models.
2025-05-08 15:35:49,463 - INFO - --- Analyzing Model: Experiments_20250508_144316_7898534/glue/medium/medium_vanilla_init_glue_cola/best_model.pt ---
2025-05-08 15:35:49,530 - INFO - Successfully loaded state dict from Experiments_20250508_144316_7898534/glue/medium/medium_vanilla_init_glue_cola/best_model.pt
2025-05-08 15:35:49,530 - INFO - Inferred model type: vanilla
2025-05-08 15:35:49,531 - INFO - Expecting 6 layers based on args.
2025-05-08 15:35:49,531 - INFO - Successfully extracted all projection weights for layer 0
2025-05-08 15:35:49,531 - INFO - Successfully extracted all projection weights for layer 1
2025-05-08 15:35:49,531 - INFO - Successfully extracted all projection weights for layer 2
2025-05-08 15:35:49,531 - INFO - Successfully extracted all projection weights for layer 3
2025-05-08 15:35:49,531 - INFO - Successfully extracted all projection weights for layer 4
2025-05-08 15:35:49,531 - INFO - Successfully extracted all projection weights for layer 5
2025-05-08 15:35:49,554 - INFO - Generated 48 head vectors across 6 layers.
2025-05-08 15:35:49,580 - INFO - Saved analysis metrics to Experiments_20250508_144316_7898534/analysis/glue_cola/medium/best_model/analysis_metrics.json
2025-05-08 15:35:50,124 - INFO - Saved head similarity heatmap to Experiments_20250508_144316_7898534/analysis/glue_cola/medium/best_model/head_similarity.png
2025-05-08 15:35:50,124 - INFO - --- Analysis complete for: Experiments_20250508_144316_7898534/glue/medium/medium_vanilla_init_glue_cola/best_model.pt ---
2025-05-08 15:35:50,125 - INFO - --- Analyzing Model: Experiments_20250508_144316_7898534/glue/medium/medium_ospa_init_glue_cola/best_model.pt ---
2025-05-08 15:35:50,172 - INFO - Successfully loaded state dict from Experiments_20250508_144316_7898534/glue/medium/medium_ospa_init_glue_cola/best_model.pt
2025-05-08 15:35:50,172 - INFO - Inferred model type: ospa
2025-05-08 15:35:50,172 - INFO - Expecting 6 layers based on args.
2025-05-08 15:35:50,172 - INFO - Successfully extracted all projection weights for layer 0
2025-05-08 15:35:50,172 - INFO - Successfully extracted all projection weights for layer 1
2025-05-08 15:35:50,172 - INFO - Successfully extracted all projection weights for layer 2
2025-05-08 15:35:50,172 - INFO - Successfully extracted all projection weights for layer 3
2025-05-08 15:35:50,172 - INFO - Successfully extracted all projection weights for layer 4
2025-05-08 15:35:50,172 - INFO - Successfully extracted all projection weights for layer 5
2025-05-08 15:35:50,178 - INFO - Generated 48 head vectors across 6 layers.
2025-05-08 15:35:50,200 - INFO - Checking orthogonality for OSPA model...
2025-05-08 15:35:50,265 - INFO - Overall Avg Orthogonality Error (Squared Norm): 5.1132e+02
2025-05-08 15:35:50,268 - INFO - Saved analysis metrics to Experiments_20250508_144316_7898534/analysis/glue_cola/medium/best_model/analysis_metrics.json
2025-05-08 15:35:50,798 - INFO - Saved head similarity heatmap to Experiments_20250508_144316_7898534/analysis/glue_cola/medium/best_model/head_similarity.png
2025-05-08 15:35:51,453 - INFO - Saved orthogonality error plot to Experiments_20250508_144316_7898534/analysis/glue_cola/medium/best_model/orthogonality_error.png
2025-05-08 15:35:51,453 - INFO - --- Analysis complete for: Experiments_20250508_144316_7898534/glue/medium/medium_ospa_init_glue_cola/best_model.pt ---
2025-05-08 15:35:51,453 - INFO - --- Analyzing Model: Experiments_20250508_144316_7898534/glue/medium/medium_ospa_reg0.001_glue_cola/best_model.pt ---
2025-05-08 15:35:51,513 - INFO - Successfully loaded state dict from Experiments_20250508_144316_7898534/glue/medium/medium_ospa_reg0.001_glue_cola/best_model.pt
2025-05-08 15:35:51,513 - INFO - Inferred model type: ospa
2025-05-08 15:35:51,513 - INFO - Expecting 6 layers based on args.
2025-05-08 15:35:51,513 - INFO - Successfully extracted all projection weights for layer 0
2025-05-08 15:35:51,513 - INFO - Successfully extracted all projection weights for layer 1
2025-05-08 15:35:51,513 - INFO - Successfully extracted all projection weights for layer 2
2025-05-08 15:35:51,513 - INFO - Successfully extracted all projection weights for layer 3
2025-05-08 15:35:51,513 - INFO - Successfully extracted all projection weights for layer 4
2025-05-08 15:35:51,513 - INFO - Successfully extracted all projection weights for layer 5
2025-05-08 15:35:51,523 - INFO - Generated 48 head vectors across 6 layers.
2025-05-08 15:35:51,544 - INFO - Checking orthogonality for OSPA model...
2025-05-08 15:35:51,560 - INFO - Overall Avg Orthogonality Error (Squared Norm): 5.0399e+02
2025-05-08 15:35:51,563 - INFO - Saved analysis metrics to Experiments_20250508_144316_7898534/analysis/glue_cola/medium/best_model/analysis_metrics.json
2025-05-08 15:35:52,093 - INFO - Saved head similarity heatmap to Experiments_20250508_144316_7898534/analysis/glue_cola/medium/best_model/head_similarity.png
2025-05-08 15:35:52,694 - INFO - Saved orthogonality error plot to Experiments_20250508_144316_7898534/analysis/glue_cola/medium/best_model/orthogonality_error.png
2025-05-08 15:35:52,695 - INFO - --- Analysis complete for: Experiments_20250508_144316_7898534/glue/medium/medium_ospa_reg0.001_glue_cola/best_model.pt ---
2025-05-08 15:35:52,695 - INFO - --- Creating Comparison Visualizations for 3 Models ---
2025-05-08 15:35:53,005 - INFO - Saved diversity comparison plot to Experiments_20250508_144316_7898534/analysis/glue_cola/medium/model_diversity_comparison.png
2025-05-08 15:35:53,008 - INFO - Saved comparison data to Experiments_20250508_144316_7898534/analysis/glue_cola/medium/diversity_comparison_data.json
2025-05-08 15:35:53,009 - INFO - --- Model Comparison Complete ---
2025-05-08 15:35:53,009 - INFO - --- Analysis Script Finished ---
