--- Analysis Run for glue_cola_small --- Thu May  8 14:53:13 CDT 2025
2025-05-08 14:53:16,685 - INFO - Comparing 3 models.
2025-05-08 14:53:16,685 - INFO - --- Analyzing Model: Experiments_20250508_144316_7898534/glue/small/small_vanilla_init_glue_cola/best_model.pt ---
2025-05-08 14:53:16,712 - INFO - Successfully loaded state dict from Experiments_20250508_144316_7898534/glue/small/small_vanilla_init_glue_cola/best_model.pt
2025-05-08 14:53:16,712 - INFO - Inferred model type: vanilla
2025-05-08 14:53:16,713 - INFO - Expecting 4 layers based on args.
2025-05-08 14:53:16,713 - INFO - Successfully extracted all projection weights for layer 0
2025-05-08 14:53:16,713 - INFO - Successfully extracted all projection weights for layer 1
2025-05-08 14:53:16,713 - INFO - Successfully extracted all projection weights for layer 2
2025-05-08 14:53:16,713 - INFO - Successfully extracted all projection weights for layer 3
2025-05-08 14:53:16,716 - INFO - Generated 16 head vectors across 4 layers.
2025-05-08 14:53:16,726 - INFO - Saved analysis metrics to Experiments_20250508_144316_7898534/analysis/glue_cola/small/best_model/analysis_metrics.json
2025-05-08 14:53:17,307 - INFO - Saved head similarity heatmap to Experiments_20250508_144316_7898534/analysis/glue_cola/small/best_model/head_similarity.png
2025-05-08 14:53:17,307 - INFO - --- Analysis complete for: Experiments_20250508_144316_7898534/glue/small/small_vanilla_init_glue_cola/best_model.pt ---
2025-05-08 14:53:17,308 - INFO - --- Analyzing Model: Experiments_20250508_144316_7898534/glue/small/small_ospa_init_glue_cola/best_model.pt ---
2025-05-08 14:53:17,329 - INFO - Successfully loaded state dict from Experiments_20250508_144316_7898534/glue/small/small_ospa_init_glue_cola/best_model.pt
2025-05-08 14:53:17,329 - INFO - Inferred model type: ospa
2025-05-08 14:53:17,329 - INFO - Expecting 4 layers based on args.
2025-05-08 14:53:17,329 - INFO - Successfully extracted all projection weights for layer 0
2025-05-08 14:53:17,329 - INFO - Successfully extracted all projection weights for layer 1
2025-05-08 14:53:17,329 - INFO - Successfully extracted all projection weights for layer 2
2025-05-08 14:53:17,329 - INFO - Successfully extracted all projection weights for layer 3
2025-05-08 14:53:17,330 - INFO - Generated 16 head vectors across 4 layers.
2025-05-08 14:53:17,333 - INFO - Checking orthogonality for OSPA model...
2025-05-08 14:53:17,437 - INFO - Overall Avg Orthogonality Error (Squared Norm): 2.5498e+02
2025-05-08 14:53:17,442 - INFO - Saved analysis metrics to Experiments_20250508_144316_7898534/analysis/glue_cola/small/best_model/analysis_metrics.json
2025-05-08 14:53:18,002 - INFO - Saved head similarity heatmap to Experiments_20250508_144316_7898534/analysis/glue_cola/small/best_model/head_similarity.png
2025-05-08 14:53:18,628 - INFO - Saved orthogonality error plot to Experiments_20250508_144316_7898534/analysis/glue_cola/small/best_model/orthogonality_error.png
2025-05-08 14:53:18,628 - INFO - --- Analysis complete for: Experiments_20250508_144316_7898534/glue/small/small_ospa_init_glue_cola/best_model.pt ---
2025-05-08 14:53:18,628 - INFO - --- Analyzing Model: Experiments_20250508_144316_7898534/glue/small/small_ospa_reg0.001_glue_cola/best_model.pt ---
2025-05-08 14:53:18,648 - INFO - Successfully loaded state dict from Experiments_20250508_144316_7898534/glue/small/small_ospa_reg0.001_glue_cola/best_model.pt
2025-05-08 14:53:18,648 - INFO - Inferred model type: ospa
2025-05-08 14:53:18,648 - INFO - Expecting 4 layers based on args.
2025-05-08 14:53:18,648 - INFO - Successfully extracted all projection weights for layer 0
2025-05-08 14:53:18,648 - INFO - Successfully extracted all projection weights for layer 1
2025-05-08 14:53:18,648 - INFO - Successfully extracted all projection weights for layer 2
2025-05-08 14:53:18,648 - INFO - Successfully extracted all projection weights for layer 3
2025-05-08 14:53:18,650 - INFO - Generated 16 head vectors across 4 layers.
2025-05-08 14:53:18,654 - INFO - Checking orthogonality for OSPA model...
2025-05-08 14:53:18,701 - INFO - Overall Avg Orthogonality Error (Squared Norm): 2.5293e+02
2025-05-08 14:53:18,705 - INFO - Saved analysis metrics to Experiments_20250508_144316_7898534/analysis/glue_cola/small/best_model/analysis_metrics.json
2025-05-08 14:53:19,261 - INFO - Saved head similarity heatmap to Experiments_20250508_144316_7898534/analysis/glue_cola/small/best_model/head_similarity.png
2025-05-08 14:53:19,857 - INFO - Saved orthogonality error plot to Experiments_20250508_144316_7898534/analysis/glue_cola/small/best_model/orthogonality_error.png
2025-05-08 14:53:19,857 - INFO - --- Analysis complete for: Experiments_20250508_144316_7898534/glue/small/small_ospa_reg0.001_glue_cola/best_model.pt ---
2025-05-08 14:53:19,857 - INFO - --- Creating Comparison Visualizations for 3 Models ---
2025-05-08 14:53:20,190 - INFO - Saved diversity comparison plot to Experiments_20250508_144316_7898534/analysis/glue_cola/small/model_diversity_comparison.png
2025-05-08 14:53:20,194 - INFO - Saved comparison data to Experiments_20250508_144316_7898534/analysis/glue_cola/small/diversity_comparison_data.json
2025-05-08 14:53:20,194 - INFO - --- Model Comparison Complete ---
2025-05-08 14:53:20,194 - INFO - --- Analysis Script Finished ---
