--- Analysis Run for glue_mnli_small --- Thu May  8 21:53:06 CDT 2025
2025-05-08 21:53:09,165 - INFO - Comparing 3 models.
2025-05-08 21:53:09,165 - INFO - --- Analyzing Model: Experiments_20250508_144319_7898535/glue/small/small_vanilla_init_glue_mnli/best_model.pt ---
2025-05-08 21:53:09,192 - INFO - Successfully loaded state dict from Experiments_20250508_144319_7898535/glue/small/small_vanilla_init_glue_mnli/best_model.pt
2025-05-08 21:53:09,192 - INFO - Inferred model type: vanilla
2025-05-08 21:53:09,192 - INFO - Expecting 4 layers based on args.
2025-05-08 21:53:09,192 - INFO - Successfully extracted all projection weights for layer 0
2025-05-08 21:53:09,192 - INFO - Successfully extracted all projection weights for layer 1
2025-05-08 21:53:09,192 - INFO - Successfully extracted all projection weights for layer 2
2025-05-08 21:53:09,192 - INFO - Successfully extracted all projection weights for layer 3
2025-05-08 21:53:09,207 - INFO - Generated 16 head vectors across 4 layers.
2025-05-08 21:53:09,216 - INFO - Saved analysis metrics to Experiments_20250508_144319_7898535/analysis/glue_mnli/small/best_model/analysis_metrics.json
2025-05-08 21:53:09,788 - INFO - Saved head similarity heatmap to Experiments_20250508_144319_7898535/analysis/glue_mnli/small/best_model/head_similarity.png
2025-05-08 21:53:09,788 - INFO - --- Analysis complete for: Experiments_20250508_144319_7898535/glue/small/small_vanilla_init_glue_mnli/best_model.pt ---
2025-05-08 21:53:09,789 - INFO - --- Analyzing Model: Experiments_20250508_144319_7898535/glue/small/small_ospa_init_glue_mnli/best_model.pt ---
2025-05-08 21:53:09,810 - INFO - Successfully loaded state dict from Experiments_20250508_144319_7898535/glue/small/small_ospa_init_glue_mnli/best_model.pt
2025-05-08 21:53:09,810 - INFO - Inferred model type: ospa
2025-05-08 21:53:09,810 - INFO - Expecting 4 layers based on args.
2025-05-08 21:53:09,810 - INFO - Successfully extracted all projection weights for layer 0
2025-05-08 21:53:09,810 - INFO - Successfully extracted all projection weights for layer 1
2025-05-08 21:53:09,810 - INFO - Successfully extracted all projection weights for layer 2
2025-05-08 21:53:09,810 - INFO - Successfully extracted all projection weights for layer 3
2025-05-08 21:53:09,812 - INFO - Generated 16 head vectors across 4 layers.
2025-05-08 21:53:09,816 - INFO - Checking orthogonality for OSPA model...
2025-05-08 21:53:10,000 - INFO - Overall Avg Orthogonality Error (Squared Norm): 2.6067e+02
2025-05-08 21:53:10,004 - INFO - Saved analysis metrics to Experiments_20250508_144319_7898535/analysis/glue_mnli/small/best_model/analysis_metrics.json
2025-05-08 21:53:10,563 - INFO - Saved head similarity heatmap to Experiments_20250508_144319_7898535/analysis/glue_mnli/small/best_model/head_similarity.png
2025-05-08 21:53:11,173 - INFO - Saved orthogonality error plot to Experiments_20250508_144319_7898535/analysis/glue_mnli/small/best_model/orthogonality_error.png
2025-05-08 21:53:11,173 - INFO - --- Analysis complete for: Experiments_20250508_144319_7898535/glue/small/small_ospa_init_glue_mnli/best_model.pt ---
2025-05-08 21:53:11,173 - INFO - --- Analyzing Model: Experiments_20250508_144319_7898535/glue/small/small_ospa_reg0.001_glue_mnli/best_model.pt ---
2025-05-08 21:53:11,194 - INFO - Successfully loaded state dict from Experiments_20250508_144319_7898535/glue/small/small_ospa_reg0.001_glue_mnli/best_model.pt
2025-05-08 21:53:11,194 - INFO - Inferred model type: ospa
2025-05-08 21:53:11,194 - INFO - Expecting 4 layers based on args.
2025-05-08 21:53:11,194 - INFO - Successfully extracted all projection weights for layer 0
2025-05-08 21:53:11,194 - INFO - Successfully extracted all projection weights for layer 1
2025-05-08 21:53:11,194 - INFO - Successfully extracted all projection weights for layer 2
2025-05-08 21:53:11,194 - INFO - Successfully extracted all projection weights for layer 3
2025-05-08 21:53:11,196 - INFO - Generated 16 head vectors across 4 layers.
2025-05-08 21:53:11,200 - INFO - Checking orthogonality for OSPA model...
2025-05-08 21:53:11,676 - INFO - Overall Avg Orthogonality Error (Squared Norm): 2.6258e-02
2025-05-08 21:53:11,679 - INFO - Saved analysis metrics to Experiments_20250508_144319_7898535/analysis/glue_mnli/small/best_model/analysis_metrics.json
2025-05-08 21:53:12,237 - INFO - Saved head similarity heatmap to Experiments_20250508_144319_7898535/analysis/glue_mnli/small/best_model/head_similarity.png
2025-05-08 21:53:12,768 - INFO - Saved orthogonality error plot to Experiments_20250508_144319_7898535/analysis/glue_mnli/small/best_model/orthogonality_error.png
2025-05-08 21:53:12,768 - INFO - --- Analysis complete for: Experiments_20250508_144319_7898535/glue/small/small_ospa_reg0.001_glue_mnli/best_model.pt ---
2025-05-08 21:53:12,768 - INFO - --- Creating Comparison Visualizations for 3 Models ---
2025-05-08 21:53:13,101 - INFO - Saved diversity comparison plot to Experiments_20250508_144319_7898535/analysis/glue_mnli/small/model_diversity_comparison.png
2025-05-08 21:53:13,105 - INFO - Saved comparison data to Experiments_20250508_144319_7898535/analysis/glue_mnli/small/diversity_comparison_data.json
2025-05-08 21:53:13,105 - INFO - --- Model Comparison Complete ---
2025-05-08 21:53:13,105 - INFO - --- Analysis Script Finished ---
