[2025-05-08_14:43:19] ===================================================
[2025-05-08_14:43:19]         STARTING OSPA TRAINING & ANALYSIS PIPELINE     
[2025-05-08_14:43:19] ===================================================
[2025-05-08_14:43:19] Job ID: 7898535
[2025-05-08_14:43:19] Host: g009.mgmt.hellbender
[2025-05-08_14:43:19] Output Directory: Experiments_20250508_144319_7898535
[2025-05-08_14:43:19] Started at: Thu May  8 14:43:19 CDT 2025
[2025-05-08_14:43:19] Checking for Python scripts...
[2025-05-08_14:43:19] ✓ Found required Python scripts.
[2025-05-08_14:43:19] ===================================================
[2025-05-08_14:43:19] ========== PROCESSING CONFIGURATION: small ==========
[2025-05-08_14:43:19] ------ Starting GLUE Task: mnli (Size: small) ------
[2025-05-08_14:43:19] --- Starting Training: small_vanilla_init_glue_mnli ---
[2025-05-08_14:43:19]     Config: Size=small, Task=glue/mnli, Type=vanilla, OrthMode=init, Lambda=0.0
[2025-05-08_14:43:19]     Output to: Experiments_20250508_144319_7898535/glue/small/small_vanilla_init_glue_mnli
[2025-05-08_14:43:19] Executing Training Command:
python "train_ospa.py"         --task glue --glue_task mnli         --max_seq_len 64         --transformer_type vanilla         --tokenizer_name bert-base-uncased         --d_model 256         --nhead 4         --nlayers 4         --dim_feedforward 1024         --dropout 0.1         --orth_mode init         --orth_penalty_weight 0.0         --epochs 20         --batch_size 64         --gradient_accumulation_steps 4         --lr 3e-5         --weight_decay 0.01         --clip 1.0         --scheduler_update_every_step         --seed 42         --num_workers 0         --log_interval 100         --output_dir "Experiments_20250508_144319_7898535/glue/small/small_vanilla_init_glue_mnli"         --save "best_model.pt"         --device cuda
[2025-05-08_16:32:24] ✓ Training small_vanilla_init_glue_mnli completed. Model saved.
[2025-05-08_16:32:24] --- Starting Training: small_ospa_init_glue_mnli ---
[2025-05-08_16:32:24]     Config: Size=small, Task=glue/mnli, Type=ospa, OrthMode=init, Lambda=0.0
[2025-05-08_16:32:24]     Output to: Experiments_20250508_144319_7898535/glue/small/small_ospa_init_glue_mnli
[2025-05-08_16:32:24] Executing Training Command:
python "train_ospa.py"         --task glue --glue_task mnli         --max_seq_len 64         --transformer_type ospa         --tokenizer_name bert-base-uncased         --d_model 256         --nhead 4         --nlayers 4         --dim_feedforward 1024         --dropout 0.1         --orth_mode init         --orth_penalty_weight 0.0         --epochs 20         --batch_size 64         --gradient_accumulation_steps 4         --lr 3e-5         --weight_decay 0.01         --clip 1.0         --scheduler_update_every_step         --seed 42         --num_workers 0         --log_interval 100         --output_dir "Experiments_20250508_144319_7898535/glue/small/small_ospa_init_glue_mnli"         --save "best_model.pt"         --device cuda
[2025-05-08_18:55:45] ✓ Training small_ospa_init_glue_mnli completed. Model saved.
[2025-05-08_18:55:45] --- Starting Training: small_ospa_reg0.001_glue_mnli ---
[2025-05-08_18:55:45]     Config: Size=small, Task=glue/mnli, Type=ospa, OrthMode=regularize, Lambda=0.001
[2025-05-08_18:55:45]     Output to: Experiments_20250508_144319_7898535/glue/small/small_ospa_reg0.001_glue_mnli
[2025-05-08_18:55:45] Executing Training Command:
python "train_ospa.py"         --task glue --glue_task mnli         --max_seq_len 64         --transformer_type ospa         --tokenizer_name bert-base-uncased         --d_model 256         --nhead 4         --nlayers 4         --dim_feedforward 1024         --dropout 0.1         --orth_mode regularize         --orth_penalty_weight 0.001         --epochs 20         --batch_size 64         --gradient_accumulation_steps 4         --lr 3e-5         --weight_decay 0.01         --clip 1.0         --scheduler_update_every_step         --seed 42         --num_workers 0         --log_interval 100         --output_dir "Experiments_20250508_144319_7898535/glue/small/small_ospa_reg0.001_glue_mnli"         --save "best_model.pt"         --device cuda
[2025-05-08_21:53:06] ✓ Training small_ospa_reg0.001_glue_mnli completed. Model saved.
[2025-05-08_21:53:06] --- Starting Analysis for Config: Size=small, Task=glue_mnli ---
[2025-05-08_21:53:06]     Analysis Output to: Experiments_20250508_144319_7898535/analysis/glue_mnli/small
[2025-05-08_21:53:06]     Found model for analysis: Experiments_20250508_144319_7898535/glue/small/small_vanilla_init_glue_mnli/best_model.pt
[2025-05-08_21:53:06]     Found model for analysis: Experiments_20250508_144319_7898535/glue/small/small_ospa_init_glue_mnli/best_model.pt
[2025-05-08_21:53:06]     Found model for analysis: Experiments_20250508_144319_7898535/glue/small/small_ospa_reg0.001_glue_mnli/best_model.pt
[2025-05-08_21:53:06] Executing Comparison Command for glue_mnli_small:
python "analyze_head_diversity.py"         --model_paths "Experiments_20250508_144319_7898535/glue/small/small_vanilla_init_glue_mnli/best_model.pt" "Experiments_20250508_144319_7898535/glue/small/small_ospa_init_glue_mnli/best_model.pt" "Experiments_20250508_144319_7898535/glue/small/small_ospa_reg0.001_glue_mnli/best_model.pt"         --output_dir "Experiments_20250508_144319_7898535/analysis/glue_mnli/small"         --d_model 256         --nhead 4         --nlayers 4
[2025-05-08_21:53:13] ✓ Comparison analysis for glue_mnli_small completed successfully.
[2025-05-08_21:53:13] ------ Finished GLUE Task: mnli (Size: small) ------
[2025-05-08_21:53:13] ========== FINISHED CONFIGURATION: small ==========
[2025-05-08_21:53:13] ========== PROCESSING CONFIGURATION: medium ==========
[2025-05-08_21:53:13] ------ Starting GLUE Task: mnli (Size: medium) ------
[2025-05-08_21:53:13] --- Starting Training: medium_vanilla_init_glue_mnli ---
[2025-05-08_21:53:13]     Config: Size=medium, Task=glue/mnli, Type=vanilla, OrthMode=init, Lambda=0.0
[2025-05-08_21:53:13]     Output to: Experiments_20250508_144319_7898535/glue/medium/medium_vanilla_init_glue_mnli
[2025-05-08_21:53:13] Executing Training Command:
python "train_ospa.py"         --task glue --glue_task mnli         --max_seq_len 128         --transformer_type vanilla         --tokenizer_name bert-base-uncased         --d_model 512         --nhead 8         --nlayers 6         --dim_feedforward 2048         --dropout 0.1         --orth_mode init         --orth_penalty_weight 0.0         --epochs 25         --batch_size 32         --gradient_accumulation_steps 4         --lr 2e-5         --weight_decay 0.01         --clip 1.0         --scheduler_update_every_step         --seed 42         --num_workers 0         --log_interval 100         --output_dir "Experiments_20250508_144319_7898535/glue/medium/medium_vanilla_init_glue_mnli"         --save "best_model.pt"         --device cuda
[2025-05-09_05:46:26] ✓ Training medium_vanilla_init_glue_mnli completed. Model saved.
[2025-05-09_05:46:26] --- Starting Training: medium_ospa_init_glue_mnli ---
[2025-05-09_05:46:26]     Config: Size=medium, Task=glue/mnli, Type=ospa, OrthMode=init, Lambda=0.0
[2025-05-09_05:46:26]     Output to: Experiments_20250508_144319_7898535/glue/medium/medium_ospa_init_glue_mnli
[2025-05-09_05:46:26] Executing Training Command:
python "train_ospa.py"         --task glue --glue_task mnli         --max_seq_len 128         --transformer_type ospa         --tokenizer_name bert-base-uncased         --d_model 512         --nhead 8         --nlayers 6         --dim_feedforward 2048         --dropout 0.1         --orth_mode init         --orth_penalty_weight 0.0         --epochs 25         --batch_size 32         --gradient_accumulation_steps 4         --lr 2e-5         --weight_decay 0.01         --clip 1.0         --scheduler_update_every_step         --seed 42         --num_workers 0         --log_interval 100         --output_dir "Experiments_20250508_144319_7898535/glue/medium/medium_ospa_init_glue_mnli"         --save "best_model.pt"         --device cuda
[2025-05-09_16:23:36] ✓ Training medium_ospa_init_glue_mnli completed. Model saved.
[2025-05-09_16:23:36] --- Starting Training: medium_ospa_reg0.001_glue_mnli ---
[2025-05-09_16:23:36]     Config: Size=medium, Task=glue/mnli, Type=ospa, OrthMode=regularize, Lambda=0.001
[2025-05-09_16:23:36]     Output to: Experiments_20250508_144319_7898535/glue/medium/medium_ospa_reg0.001_glue_mnli
[2025-05-09_16:23:36] Executing Training Command:
python "train_ospa.py"         --task glue --glue_task mnli         --max_seq_len 128         --transformer_type ospa         --tokenizer_name bert-base-uncased         --d_model 512         --nhead 8         --nlayers 6         --dim_feedforward 2048         --dropout 0.1         --orth_mode regularize         --orth_penalty_weight 0.001         --epochs 25         --batch_size 32         --gradient_accumulation_steps 4         --lr 2e-5         --weight_decay 0.01         --clip 1.0         --scheduler_update_every_step         --seed 42         --num_workers 0         --log_interval 100         --output_dir "Experiments_20250508_144319_7898535/glue/medium/medium_ospa_reg0.001_glue_mnli"         --save "best_model.pt"         --device cuda
[2025-05-10_04:58:52] ✓ Training medium_ospa_reg0.001_glue_mnli completed. Model saved.
[2025-05-10_04:58:52] --- Starting Analysis for Config: Size=medium, Task=glue_mnli ---
[2025-05-10_04:58:52]     Analysis Output to: Experiments_20250508_144319_7898535/analysis/glue_mnli/medium
[2025-05-10_04:58:52]     Found model for analysis: Experiments_20250508_144319_7898535/glue/medium/medium_vanilla_init_glue_mnli/best_model.pt
[2025-05-10_04:58:52]     Found model for analysis: Experiments_20250508_144319_7898535/glue/medium/medium_ospa_init_glue_mnli/best_model.pt
[2025-05-10_04:58:52]     Found model for analysis: Experiments_20250508_144319_7898535/glue/medium/medium_ospa_reg0.001_glue_mnli/best_model.pt
[2025-05-10_04:58:52] Executing Comparison Command for glue_mnli_medium:
python "analyze_head_diversity.py"         --model_paths "Experiments_20250508_144319_7898535/glue/medium/medium_vanilla_init_glue_mnli/best_model.pt" "Experiments_20250508_144319_7898535/glue/medium/medium_ospa_init_glue_mnli/best_model.pt" "Experiments_20250508_144319_7898535/glue/medium/medium_ospa_reg0.001_glue_mnli/best_model.pt"         --output_dir "Experiments_20250508_144319_7898535/analysis/glue_mnli/medium"         --d_model 512         --nhead 8         --nlayers 6
[2025-05-10_04:58:59] ✓ Comparison analysis for glue_mnli_medium completed successfully.
[2025-05-10_04:58:59] ------ Finished GLUE Task: mnli (Size: medium) ------
[2025-05-10_04:58:59] ========== FINISHED CONFIGURATION: medium ==========
[2025-05-10_04:58:59] ========== PROCESSING CONFIGURATION: large ==========
[2025-05-10_04:58:59] ------ Starting GLUE Task: mnli (Size: large) ------
[2025-05-10_04:58:59] --- Starting Training: large_vanilla_init_glue_mnli ---
[2025-05-10_04:58:59]     Config: Size=large, Task=glue/mnli, Type=vanilla, OrthMode=init, Lambda=0.0
[2025-05-10_04:58:59]     Output to: Experiments_20250508_144319_7898535/glue/large/large_vanilla_init_glue_mnli
[2025-05-10_04:58:59] Executing Training Command:
python "train_ospa.py"         --task glue --glue_task mnli         --max_seq_len 128         --transformer_type vanilla         --tokenizer_name bert-base-uncased         --d_model 768         --nhead 12         --nlayers 12         --dim_feedforward 3072         --dropout 0.1         --orth_mode init         --orth_penalty_weight 0.0         --epochs 30         --batch_size 32         --gradient_accumulation_steps 4         --lr 1e-5         --weight_decay 0.01         --clip 1.0         --scheduler_update_every_step         --seed 42         --num_workers 0         --log_interval 100         --output_dir "Experiments_20250508_144319_7898535/glue/large/large_vanilla_init_glue_mnli"         --save "best_model.pt"         --device cuda
[2025-05-11_04:35:54] ✓ Training large_vanilla_init_glue_mnli completed. Model saved.
[2025-05-11_04:35:54] --- Starting Training: large_ospa_init_glue_mnli ---
[2025-05-11_04:35:54]     Config: Size=large, Task=glue/mnli, Type=ospa, OrthMode=init, Lambda=0.0
[2025-05-11_04:35:54]     Output to: Experiments_20250508_144319_7898535/glue/large/large_ospa_init_glue_mnli
[2025-05-11_04:35:54] Executing Training Command:
python "train_ospa.py"         --task glue --glue_task mnli         --max_seq_len 128         --transformer_type ospa         --tokenizer_name bert-base-uncased         --d_model 768         --nhead 12         --nlayers 12         --dim_feedforward 3072         --dropout 0.1         --orth_mode init         --orth_penalty_weight 0.0         --epochs 30         --batch_size 32         --gradient_accumulation_steps 4         --lr 1e-5         --weight_decay 0.01         --clip 1.0         --scheduler_update_every_step         --seed 42         --num_workers 0         --log_interval 100         --output_dir "Experiments_20250508_144319_7898535/glue/large/large_ospa_init_glue_mnli"         --save "best_model.pt"         --device cuda
